[www.kurly.com/shop/main/index.html]
[backblue.gif]
[fade.gif]
[index.html]
[res.kurly.com/images/marketkurly/logo/logo_sns_marketkurly.jpg]
[www.kurly.com/shop/main/indexd41d.html]
[js.sentry-cdn.com/c1f07ee4a3fd45d5aa2ef4983ca9ad43.min.js]
[www.kurly.com/asset/js/common.bundlecd3d.js]
[res.kurly.com/js/lib/jquery-1.10.2.min.js]
[res.kurly.com/images/marketkurly/logo/favicon_v2.png]
[res.kurly.com/images/marketkurly/logo/ico_57.png]
[res.kurly.com/images/marketkurly/logo/ico_60.png]
[res.kurly.com/images/marketkurly/logo/ico_72.png]
[res.kurly.com/images/marketkurly/logo/ico_76.png]
[res.kurly.com/images/marketkurly/logo/ico_114.png]
[res.kurly.com/images/marketkurly/logo/ico_120.png]
[res.kurly.com/images/marketkurly/logo/ico_144.png]
[res.kurly.com/images/marketkurly/logo/ico_152.png]
[res.kurly.com/images/marketkurly/logo/ico_180.png]
[res.kurly.com/images/marketkurly/logo/ico_32.png]
[res.kurly.com/images/marketkurly/logo/ico_192.png]
[res.kurly.com/images/marketkurly/logo/ico_16.png]
[ssl.daumcdn.net/dmaps/map_js_init/postcode.v2.js]
[www.kurly.com/shop/data/skin/designgj/thefarmerscd3d.js]
[www.kurly.com/shop/data/skin/designgj/commoncd3d.js]
[www.kurly.com/shop/data/skin/designgj/polifycd3d.js]
[www.kurly.com/shop/data/skin/designgj/ui_v2cd3d.js]
[res.kurly.com/js/vue/xdomain.min.js]
[res.kurly.com/js/vue/es6-promise.min.js]
[res.kurly.com/js/vue/es6-promise.auto.min.js]
[res.kurly.com/js/vue/axios.min.js]
[www.kurly.com/common_js/axioscd3d.js]
[www.kurly.com/shop/data/skin/designgj/normalizecd3d.css]
[www.kurly.com/shop/data/skin/designgj/section1cd3d.css]
[wcs.naver.net/wcslog.js]
[www.kurly.com/shop/data/skin/designgj/commoncd3d.css]
[res.kurly.com/js/vue/vue.min.js]
[www.kurly.com/shop/lib/js/naverCommonInflowScripte2ab.js]
[www.google-analytics.com/analytics.js]
[www.kurly.com/common_js/kurlytracker/facebookConversionscd3d.js]
[cdn.amplitude.com/libs/amplitude-5.8.0-min.gz.js]
[www.kurly.com/common_js/kurlytracker/kurlytrackercd3d.js]
[www.kurly.com/asset/js/useKurly/kurlyAPI.bundle.js]
[developers.kakao.com/sdk/js/kakao.min.js]
[res.kurly.com/pc/ico/1908/ico_arrow_fff_84x84.png]
[www.kurly.com/common_js/usermenu_v1cd3d.js]
[res.kurly.com/pc/service/common/1902/bg_1x9.png]
[res.kurly.com/pc/ico/1903/ico_layer_point.png]
[res.kurly.com/pc/service/common/1908/ico_gnb_all_off.png]
[res.kurly.com/pc/service/common/1908/ico_gnb_all.png]
[res.kurly.com/pc/service/common/1908/bg_gnb_sub_v3.png]
[res.kurly.com/images/common/bg_1_1.gif]
[res.kurly.com/pc/ico/2008/ico_search_40x40.png]
[res.kurly.com/pc/ico/1808/ico_new_gnb_16x16.png]
[res.kurly.com/pc/ico/1903/ico_layer_point_x2.png]
[res.kurly.com/pc/service/common/1908/ico_gnb_all_off_x2.png]
[res.kurly.com/pc/service/common/1908/ico_gnb_all_x2.png]
[res.kurly.com/images/marketkurly/logo/logo_x2.png]
[res.kurly.com/pc/service/common/2011/delivery_210801.png]
[res.kurly.com/pc/service/common/1908/ico_search_x2.png]
[www.kurly.com/asset/js/myp/destination/popup.bundlecd3d.js]
[www.kurly.com/common_js/gnb_v1cd3d.js]
[res.kurly.com/pc/service/main/2002/ico_quick_up_hover.png]
[res.kurly.com/pc/service/main/2002/ico_quick_up.png]
[res.kurly.com/pc/service/main/2002/ico_quick_down_hover.png]
[res.kurly.com/pc/service/main/2002/ico_quick_down.png]
[res.kurly.com/pc/service/main/2002/ico_quick_up_hover_x2.png]
[res.kurly.com/pc/service/main/2002/ico_quick_down_hover_x2.png]
[res.kurly.com/pc/service/main/2002/ico_quick_up_x2.png]
[res.kurly.com/pc/service/main/2002/ico_quick_down_x2.png]
[www.kurly.com/shop/main/html91e4.html]
[res.kurly.com/pc/service/main/1908/ico_title_link_x1.png]
[res.kurly.com/pc/service/main/1908/btn_prev_default3860.png]
[res.kurly.com/pc/service/main/1908/btn_prev_default_hover_x13860.png]
[res.kurly.com/pc/service/main/1908/btn_next_default3860.png]
[res.kurly.com/pc/service/main/1908/btn_next_default_hover_x13860.png]
[res.kurly.com/pc/service/main/1908/btn_prev_gray_x13860.png]
[res.kurly.com/pc/service/main/1908/btn_prev_gray_hover_x13860.png]
[res.kurly.com/pc/service/main/1908/btn_next_gray_x13860.png]
[res.kurly.com/pc/service/main/1908/btn_next_gray_hover_x13860.png]
[res.kurly.com/pc/service/main/1908/ico_prev1_x1.png]
[res.kurly.com/pc/service/main/1908/ico_next1_x1.png]
[res.kurly.com/pc/service/main/1903/ico_more_link_x1.png]
[res.kurly.com/pc/service/main/1908/btn_prev_default_x23860.png]
[res.kurly.com/pc/service/main/1908/btn_prev_default_hover_x23860.png]
[res.kurly.com/pc/service/main/1908/btn_next_default_x23860.png]
[res.kurly.com/pc/service/main/1908/btn_next_default_hover_x23860.png]
[res.kurly.com/pc/service/main/1908/btn_prev_gray_x23860.png]
[res.kurly.com/pc/service/main/1908/btn_prev_gray_hover_x23860.png]
[res.kurly.com/pc/service/main/1908/btn_next_gray_x23860.png]
[res.kurly.com/pc/service/main/1908/btn_next_gray_hover_x23860.png]
[res.kurly.com/pc/service/main/1908/ico_title_link_x2.png]
[res.kurly.com/pc/service/main/1908/ico_prev1_x2.png]
[res.kurly.com/pc/service/main/1908/ico_next1_x2.png]
[res.kurly.com/pc/service/main/1903/ico_more_link_x2.png]
[www.kurly.com/common_js/main_notice_v1cd3d.js]
[res.kurly.com/js/lib/moment.min.js]
[res.kurly.com/js/lib/jquery.bxslider.min.js]
[www.kurly.com/common_js/common_filtercd3d.js]
[www.kurly.com/common_js/main_v1cd3d.js]
[res.kurly.com/mobile/service/common/bg_1x1.png]
[res.kurly.com/pc/ico/1810/ico_instagram.png]
[res.kurly.com/pc/ico/1810/ico_fb.png]
[res.kurly.com/pc/ico/1810/ico_blog.png]
[res.kurly.com/pc/ico/1810/ico_naverpost.png]
[res.kurly.com/pc/ico/1810/ico_youtube.png]
[res.kurly.com/pc/img/1909/img_isms.jpg]
[res.kurly.com/pc/ico/2001/logo_isms.png]
[res.kurly.com/pc/ico/2001/logo_eprivacyplus.png]
[res.kurly.com/pc/service/main/2009/logo_payments.png]
[res.kurly.com/js/polifill/customeEvent.js]
[cdn.branch.io/branch-latest.min.js]
[www.kurly.com/shop/main/index.html]
[www.kurly.com/asset/js/useKurly/event/imc202102.bundlecd3d.js]
[www.kurly.com/shop/main/indexd41d.html]
[www.kurly.com/shop/data/skin/designgj/normalizecd3d.css]
[www.kurly.com/shop/lib/js/naverCommonInflowScriptc6b9.js]
[res.kurly.com/images/common/old/icon/bg-partner-logo.png]
[www.kurly.com/shop/data/skin/designgj/section1cd3d.css]
[res.kurly.com/pc/etc/old/images/common/icon-pagination-first.png]
[www.kurly.com/shop/data/skin/designgj/commoncd3d.css]
[www.googletagmanager.com/gtm5445.html]
[res.kurly.com/images/event/lovers/200201/mobile/img_main.jpg]
[www.kurly.com/shop/lib/js/naverCommonInflowScript6c0c.js]
[www.kurly.com/shop/data/skin/designgj/swiper.min.css]
[www.kurly.com/shop/main/html91e4.html]
[www.kurly.com/shop/data/skin/designgj/swiper.min.css]
[www.kurly.com/common_js/kurlytracker/kurlytrackerEventcd3d.js]
[www.kurly.com/shop/data/skin/designgj/swiper.min.js]
